  main.cpp
C:\Users\Dell\OneDrive\Documents\TGU\Year 3\Key 2\Method creampie - Kostyuk 1\a-translator-interpreter-for-a-programming-language\COMBILYATOR\LEXER.h(71,36): warning C4244: '+=': conversion from 'double' to 'float', possible loss of data
  (compiling source file 'main.cpp')
  
C:\Users\Dell\OneDrive\Documents\TGU\Year 3\Key 2\Method creampie - Kostyuk 1\a-translator-interpreter-for-a-programming-language\COMBILYATOR\LEXER.h(99,46): warning C4566: character represented by universal-character-name '\u2534' cannot be represented in the current code page (1251)
  (compiling source file 'main.cpp')
  
C:\Users\Dell\OneDrive\Documents\TGU\Year 3\Key 2\Method creampie - Kostyuk 1\a-translator-interpreter-for-a-programming-language\COMBILYATOR\LEXER.h(99,62): warning C4566: character represented by universal-character-name '\u2534' cannot be represented in the current code page (1251)
  (compiling source file 'main.cpp')
  
C:\Users\Dell\OneDrive\Documents\TGU\Year 3\Key 2\Method creampie - Kostyuk 1\a-translator-interpreter-for-a-programming-language\COMBILYATOR\LEXER.h(137,40): warning C4566: character represented by universal-character-name '\u2534' cannot be represented in the current code page (1251)
  (compiling source file 'main.cpp')
  
C:\Users\Dell\OneDrive\Documents\TGU\Year 3\Key 2\Method creampie - Kostyuk 1\a-translator-interpreter-for-a-programming-language\COMBILYATOR\LEXER.h(150,40): warning C4566: character represented by universal-character-name '\u2534' cannot be represented in the current code page (1251)
  (compiling source file 'main.cpp')
  
C:\Users\Dell\OneDrive\Documents\TGU\Year 3\Key 2\Method creampie - Kostyuk 1\a-translator-interpreter-for-a-programming-language\COMBILYATOR\LEXER.h(172,40): warning C4566: character represented by universal-character-name '\u2534' cannot be represented in the current code page (1251)
  (compiling source file 'main.cpp')
  
C:\Users\Dell\OneDrive\Documents\TGU\Year 3\Key 2\Method creampie - Kostyuk 1\a-translator-interpreter-for-a-programming-language\COMBILYATOR\LEXER.h(184,35): warning C4566: character represented by universal-character-name '\u2534' cannot be represented in the current code page (1251)
  (compiling source file 'main.cpp')
  
C:\Users\Dell\OneDrive\Documents\TGU\Year 3\Key 2\Method creampie - Kostyuk 1\a-translator-interpreter-for-a-programming-language\COMBILYATOR\LEXER.h(197,40): warning C4566: character represented by universal-character-name '\u2534' cannot be represented in the current code page (1251)
  (compiling source file 'main.cpp')
  
C:\Users\Dell\OneDrive\Documents\TGU\Year 3\Key 2\Method creampie - Kostyuk 1\a-translator-interpreter-for-a-programming-language\COMBILYATOR\LEXER.h(209,35): warning C4566: character represented by universal-character-name '\u2534' cannot be represented in the current code page (1251)
  (compiling source file 'main.cpp')
  
C:\Users\Dell\OneDrive\Documents\TGU\Year 3\Key 2\Method creampie - Kostyuk 1\a-translator-interpreter-for-a-programming-language\COMBILYATOR\LEXER.h(218,35): warning C4566: character represented by universal-character-name '\u2534' cannot be represented in the current code page (1251)
  (compiling source file 'main.cpp')
  
C:\Users\Dell\OneDrive\Documents\TGU\Year 3\Key 2\Method creampie - Kostyuk 1\a-translator-interpreter-for-a-programming-language\COMBILYATOR\LEXER.h(227,35): warning C4566: character represented by universal-character-name '\u2534' cannot be represented in the current code page (1251)
  (compiling source file 'main.cpp')
  
  COMBILYATOR.vcxproj -> C:\Users\Dell\OneDrive\Documents\TGU\Year 3\Key 2\Method creampie - Kostyuk 1\a-translator-interpreter-for-a-programming-language\COMBILYATOR\x64\Debug\COMBILYATOR.exe
  'pwsh.exe' is not recognized as an internal or external command,
  operable program or batch file.
